// Jest Snapshot v1, https://goo.gl/fbAQLP

exports[`articleTransformer should match the snapshot 1`] = `
Object {
  "author": "Le Cain, Maximilian",
  "doiStableUrl": "N/A",
  "filmsDiscussed": Array [
    "Dracula (1931)",
    "The Mummy (1932)",
  ],
  "freeOnlineCopy": "http://www.16-9.dk/2005-04/side11_inenglish.htm",
  "horrorLexSummary": "Coming Soon",
  "jstor": "No",
  "mla8Citation": "Le Cain, Maximilian. \\"Shadowplays: Tod Browning's 'Dracula' and Karl Freund's 'The Mummy'.\\" 16:9 filmtidsskrift, vol. 3, no. 11, Apr. 2005, www.16-9.dk/2005-04/side11_inenglish.htm.",
  "muse": "No",
  "photo": "169F0011",
  "publication": "16:9 filmtidsskrift",
  "recommended": "",
  "reprintedIn": "N/A",
  "slug": "shadowplays-tod-brownings-dracula-and-karl-freunds-the-mummy",
  "tags": Array [
    "vampires",
    "Dracula",
    "mummy",
    "classics",
  ],
  "title": "Shadowplays: Tod Browning's \\"Dracula\\" and Karl Freund's \\"The Mummy\\"",
  "type": "article",
  "year": "2005",
}
`;
