// Jest Snapshot v1, https://goo.gl/fbAQLP

exports[`bookTransformer should match the snapshot 1`] = `
Object {
  "author": "Jacobs, Steven",
  "buy": "",
  "filmsDiscussed": Array [
    "The Birds (1963)",
    "Dial M for Murder (1954)",
    "Frenzy (1972)",
    "Psycho (1960)",
    "Rear Window (1954)",
    "Rebecca (1940)",
    "Shadow of a Doubt (1943)",
    "Suspicion (1941)",
    "Vertigo (1958)",
  ],
  "freeOnlineCopy": "https://archive.org/details/TheWrongHouseTheArchitectureOfAlfredHitchcock/

https://api.semanticscholar.org/CorpusID:193662730",
  "goodReads": "https://www.goodreads.com/en/book/show/3562159",
  "googleBooks": "https://books.google.com/books/about/The_Wrong_House.html?id=rIDVqjD6SZIC",
  "horrorLexSummary": "",
  "href": "the-wrong-house-the-architecture-of-alfred-hitchcock",
  "isbn13": Array [
    "9789462080966 (paperback)",
  ],
  "mla8Citation": "Jacobs, Steven. The Wrong House: The Architecture of Alfred Hitchcock. 2007. Nai010 Publishers, 2013.",
  "originalPublisher": "010 Publishers",
  "photo": "JACSTE2007",
  "publisherStableUrl": "https://www.nai010.com/en/publicaties/the-wrong-house/141156",
  "tags": Array [
    "apartment",
    "architecture",
    "cities",
    "haunted house",
    "haunting",
    "Hitchcock",
    "urban",
  ],
  "title": "The Wrong House: The Architecture of Alfred Hitchcock",
  "updatedEdition": "nai010 Publishers (reprint, 2013)",
  "worldCat": "http://www.worldcat.org/oclc/175647408",
  "year": "2007",
}
`;
